Archive member included because of file (symbol)

c:/winavr-20100110/bin/../lib/gcc/avr/4.3.3/avr5\libgcc.a(_mulsi3.o)
                              ./MCAL/USART/UART_Program.o (__mulsi3)
c:/winavr-20100110/bin/../lib/gcc/avr/4.3.3/avr5\libgcc.a(_udivmodsi4.o)
                              ./MCAL/USART/UART_Program.o (__udivmodsi4)
c:/winavr-20100110/bin/../lib/gcc/avr/4.3.3/avr5\libgcc.a(_exit.o)
                              c:/winavr-20100110/bin/../lib/gcc/avr/4.3.3/../../../../avr/lib/avr5/crtm32.o (exit)
c:/winavr-20100110/bin/../lib/gcc/avr/4.3.3/avr5\libgcc.a(_copy_data.o)
                              ./HAL/KPD/KPD_program.o (__do_copy_data)
c:/winavr-20100110/bin/../lib/gcc/avr/4.3.3/avr5\libgcc.a(_clear_bss.o)
                              ./MCAL/USART/UART_Program.o (__do_clear_bss)
c:/winavr-20100110/bin/../lib/gcc/avr/4.3.3/avr5\libgcc.a(_fixunssfsi.o)
                              ./HAL/Stepper/STEPPER_Program.o (__fixunssfsi)
c:/winavr-20100110/bin/../lib/gcc/avr/4.3.3/avr5\libgcc.a(_addsub_sf.o)
                              c:/winavr-20100110/bin/../lib/gcc/avr/4.3.3/avr5\libgcc.a(_fixunssfsi.o) (__subsf3)
c:/winavr-20100110/bin/../lib/gcc/avr/4.3.3/avr5\libgcc.a(_mul_sf.o)
                              ./HAL/Stepper/STEPPER_Program.o (__mulsf3)
c:/winavr-20100110/bin/../lib/gcc/avr/4.3.3/avr5\libgcc.a(_gt_sf.o)
                              ./HAL/Stepper/STEPPER_Program.o (__gtsf2)
c:/winavr-20100110/bin/../lib/gcc/avr/4.3.3/avr5\libgcc.a(_ge_sf.o)
                              c:/winavr-20100110/bin/../lib/gcc/avr/4.3.3/avr5\libgcc.a(_fixunssfsi.o) (__gesf2)
c:/winavr-20100110/bin/../lib/gcc/avr/4.3.3/avr5\libgcc.a(_lt_sf.o)
                              ./HAL/Stepper/STEPPER_Program.o (__ltsf2)
c:/winavr-20100110/bin/../lib/gcc/avr/4.3.3/avr5\libgcc.a(_sf_to_si.o)
                              c:/winavr-20100110/bin/../lib/gcc/avr/4.3.3/avr5\libgcc.a(_fixunssfsi.o) (__fixsfsi)
c:/winavr-20100110/bin/../lib/gcc/avr/4.3.3/avr5\libgcc.a(_thenan_sf.o)
                              c:/winavr-20100110/bin/../lib/gcc/avr/4.3.3/avr5\libgcc.a(_addsub_sf.o) (__thenan_sf)
c:/winavr-20100110/bin/../lib/gcc/avr/4.3.3/avr5\libgcc.a(_prologue.o)
                              c:/winavr-20100110/bin/../lib/gcc/avr/4.3.3/avr5\libgcc.a(_addsub_sf.o) (__prologue_saves__)
c:/winavr-20100110/bin/../lib/gcc/avr/4.3.3/avr5\libgcc.a(_epilogue.o)
                              c:/winavr-20100110/bin/../lib/gcc/avr/4.3.3/avr5\libgcc.a(_addsub_sf.o) (__epilogue_restores__)
c:/winavr-20100110/bin/../lib/gcc/avr/4.3.3/avr5\libgcc.a(_pack_sf.o)
                              c:/winavr-20100110/bin/../lib/gcc/avr/4.3.3/avr5\libgcc.a(_addsub_sf.o) (__pack_f)
c:/winavr-20100110/bin/../lib/gcc/avr/4.3.3/avr5\libgcc.a(_unpack_sf.o)
                              c:/winavr-20100110/bin/../lib/gcc/avr/4.3.3/avr5\libgcc.a(_addsub_sf.o) (__unpack_f)
c:/winavr-20100110/bin/../lib/gcc/avr/4.3.3/avr5\libgcc.a(_fpcmp_parts_sf.o)
                              c:/winavr-20100110/bin/../lib/gcc/avr/4.3.3/avr5\libgcc.a(_gt_sf.o) (__fpcmp_parts_f)
c:/winavr-20100110/bin/../lib/gcc/avr/4.3.3/../../../../avr/lib/avr5\libc.a(memset.o)
                              ./main.o (memset)
c:/winavr-20100110/bin/../lib/gcc/avr/4.3.3/../../../../avr/lib/avr5\libc.a(strstr.o)
                              ./main.o (strstr)

Allocating common symbols
Common symbol       size              file

Ptrf                0x2               ./MCAL/Timer1/Timer1_Program.o
Local_u8ReceivedBuffer
                    0x96              ./main.o

Memory Configuration

Name             Origin             Length             Attributes
text             0x00000000         0x00020000         xr
data             0x00800060         0x0000ffa0         rw !x
eeprom           0x00810000         0x00010000         rw !x
fuse             0x00820000         0x00000400         rw !x
lock             0x00830000         0x00000400         rw !x
signature        0x00840000         0x00000400         rw !x
*default*        0x00000000         0xffffffff

Linker script and memory map

LOAD c:/winavr-20100110/bin/../lib/gcc/avr/4.3.3/../../../../avr/lib/avr5/crtm32.o
LOAD ./MCAL/USART/UART_Program.o
LOAD ./MCAL/Timer1/Timer1_Program.o
LOAD ./MCAL/EXTI/EXTI_program.o
LOAD ./MCAL/DIO/DIO_Program.o
LOAD ./HAL/Stepper/STEPPER_Program.o
LOAD ./HAL/SERVO/SERVO_Program.o
LOAD ./HAL/LED/LED_Program.o
LOAD ./HAL/LCD/LCD_Program.o
LOAD ./HAL/KPD/KPD_program.o
LOAD ./HAL/DC_MOTOR/Motor_Program.o
LOAD ./HAL/BUZZER/BUZZER_Program.o
LOAD ./APP/SMART_HOME_APP.o
LOAD ./main.o
LOAD c:/winavr-20100110/bin/../lib/gcc/avr/4.3.3/avr5\libgcc.a
LOAD c:/winavr-20100110/bin/../lib/gcc/avr/4.3.3/../../../../avr/lib/avr5\libc.a
LOAD c:/winavr-20100110/bin/../lib/gcc/avr/4.3.3/avr5\libgcc.a

.hash
 *(.hash)

.dynsym
 *(.dynsym)

.dynstr
 *(.dynstr)

.gnu.version
 *(.gnu.version)

.gnu.version_d
 *(.gnu.version_d)

.gnu.version_r
 *(.gnu.version_r)

.rel.init
 *(.rel.init)

.rela.init
 *(.rela.init)

.rel.text
 *(.rel.text)
 *(.rel.text.*)
 *(.rel.gnu.linkonce.t*)

.rela.text
 *(.rela.text)
 *(.rela.text.*)
 *(.rela.gnu.linkonce.t*)

.rel.fini
 *(.rel.fini)

.rela.fini
 *(.rela.fini)

.rel.rodata
 *(.rel.rodata)
 *(.rel.rodata.*)
 *(.rel.gnu.linkonce.r*)

.rela.rodata
 *(.rela.rodata)
 *(.rela.rodata.*)
 *(.rela.gnu.linkonce.r*)

.rel.data
 *(.rel.data)
 *(.rel.data.*)
 *(.rel.gnu.linkonce.d*)

.rela.data
 *(.rela.data)
 *(.rela.data.*)
 *(.rela.gnu.linkonce.d*)

.rel.ctors
 *(.rel.ctors)

.rela.ctors
 *(.rela.ctors)

.rel.dtors
 *(.rel.dtors)

.rela.dtors
 *(.rela.dtors)

.rel.got
 *(.rel.got)

.rela.got
 *(.rela.got)

.rel.bss
 *(.rel.bss)

.rela.bss
 *(.rela.bss)

.rel.plt
 *(.rel.plt)

.rela.plt
 *(.rela.plt)

.text           0x00000000     0x77e8
 *(.vectors)
 .vectors       0x00000000       0x54 c:/winavr-20100110/bin/../lib/gcc/avr/4.3.3/../../../../avr/lib/avr5/crtm32.o
                0x00000000                __vectors
                0x00000000                __vector_default
 *(.vectors)
 *(.progmem.gcc*)
 *(.progmem*)
                0x00000054                . = ALIGN (0x2)
                0x00000054                __trampolines_start = .
 *(.trampolines)
 .trampolines   0x00000054        0x0 linker stubs
 *(.trampolines*)
                0x00000054                __trampolines_end = .
 *(.jumptables)
 *(.jumptables*)
 *(.lowtext)
 *(.lowtext*)
                0x00000054                __ctors_start = .
 *(.ctors)
                0x00000054                __ctors_end = .
                0x00000054                __dtors_start = .
 *(.dtors)
                0x00000054                __dtors_end = .
 SORT(*)(.ctors)
 SORT(*)(.dtors)
 *(.init0)
 .init0         0x00000054        0x0 c:/winavr-20100110/bin/../lib/gcc/avr/4.3.3/../../../../avr/lib/avr5/crtm32.o
                0x00000054                __init
 *(.init0)
 *(.init1)
 *(.init1)
 *(.init2)
 .init2         0x00000054        0xc c:/winavr-20100110/bin/../lib/gcc/avr/4.3.3/../../../../avr/lib/avr5/crtm32.o
 *(.init2)
 *(.init3)
 *(.init3)
 *(.init4)
 .init4         0x00000060       0x16 c:/winavr-20100110/bin/../lib/gcc/avr/4.3.3/avr5\libgcc.a(_copy_data.o)
                0x00000060                __do_copy_data
 .init4         0x00000076       0x10 c:/winavr-20100110/bin/../lib/gcc/avr/4.3.3/avr5\libgcc.a(_clear_bss.o)
                0x00000076                __do_clear_bss
 *(.init4)
 *(.init5)
 *(.init5)
 *(.init6)
 *(.init6)
 *(.init7)
 *(.init7)
 *(.init8)
 *(.init8)
 *(.init9)
 .init9         0x00000086        0x8 c:/winavr-20100110/bin/../lib/gcc/avr/4.3.3/../../../../avr/lib/avr5/crtm32.o
 *(.init9)
 *(.text)
 .text          0x0000008e        0x4 c:/winavr-20100110/bin/../lib/gcc/avr/4.3.3/../../../../avr/lib/avr5/crtm32.o
                0x0000008e                __vector_12
                0x0000008e                __bad_interrupt
                0x0000008e                __vector_11
                0x0000008e                __vector_17
                0x0000008e                __vector_19
                0x0000008e                __vector_7
                0x0000008e                __vector_5
                0x0000008e                __vector_4
                0x0000008e                __vector_9
                0x0000008e                __vector_8
                0x0000008e                __vector_14
                0x0000008e                __vector_10
                0x0000008e                __vector_16
                0x0000008e                __vector_18
                0x0000008e                __vector_20
 .text          0x00000092        0x0 ./MCAL/USART/UART_Program.o
 .text          0x00000092        0x0 ./MCAL/Timer1/Timer1_Program.o
 .text          0x00000092        0x0 ./MCAL/EXTI/EXTI_program.o
 .text          0x00000092        0x0 ./MCAL/DIO/DIO_Program.o
 .text          0x00000092        0x0 ./HAL/Stepper/STEPPER_Program.o
 .text          0x00000092        0x0 ./HAL/SERVO/SERVO_Program.o
 .text          0x00000092        0x0 ./HAL/LED/LED_Program.o
 .text          0x00000092        0x0 ./HAL/LCD/LCD_Program.o
 .text          0x00000092        0x0 ./HAL/KPD/KPD_program.o
 .text          0x00000092        0x0 ./HAL/DC_MOTOR/Motor_Program.o
 .text          0x00000092        0x0 ./HAL/BUZZER/BUZZER_Program.o
 .text          0x00000092        0x0 ./APP/SMART_HOME_APP.o
 .text          0x00000092        0x0 ./main.o
 .text          0x00000092        0x0 c:/winavr-20100110/bin/../lib/gcc/avr/4.3.3/avr5\libgcc.a(_mulsi3.o)
 .text          0x00000092        0x0 c:/winavr-20100110/bin/../lib/gcc/avr/4.3.3/avr5\libgcc.a(_udivmodsi4.o)
 .text          0x00000092        0x0 c:/winavr-20100110/bin/../lib/gcc/avr/4.3.3/avr5\libgcc.a(_exit.o)
 .text          0x00000092        0x0 c:/winavr-20100110/bin/../lib/gcc/avr/4.3.3/avr5\libgcc.a(_copy_data.o)
 .text          0x00000092        0x0 c:/winavr-20100110/bin/../lib/gcc/avr/4.3.3/avr5\libgcc.a(_clear_bss.o)
 .text          0x00000092       0x58 c:/winavr-20100110/bin/../lib/gcc/avr/4.3.3/avr5\libgcc.a(_fixunssfsi.o)
                0x00000092                __fixunssfsi
 .text          0x000000ea      0x354 c:/winavr-20100110/bin/../lib/gcc/avr/4.3.3/avr5\libgcc.a(_addsub_sf.o)
                0x00000382                __subsf3
                0x000003e4                __addsf3
 .text          0x0000043e      0x1f4 c:/winavr-20100110/bin/../lib/gcc/avr/4.3.3/avr5\libgcc.a(_mul_sf.o)
                0x0000043e                __mulsf3
 .text          0x00000632       0x60 c:/winavr-20100110/bin/../lib/gcc/avr/4.3.3/avr5\libgcc.a(_gt_sf.o)
                0x00000632                __gtsf2
 .text          0x00000692       0x60 c:/winavr-20100110/bin/../lib/gcc/avr/4.3.3/avr5\libgcc.a(_ge_sf.o)
                0x00000692                __gesf2
 .text          0x000006f2       0x60 c:/winavr-20100110/bin/../lib/gcc/avr/4.3.3/avr5\libgcc.a(_lt_sf.o)
                0x000006f2                __ltsf2
 .text          0x00000752       0xa8 c:/winavr-20100110/bin/../lib/gcc/avr/4.3.3/avr5\libgcc.a(_sf_to_si.o)
                0x00000752                __fixsfsi
 .text          0x000007fa        0x0 c:/winavr-20100110/bin/../lib/gcc/avr/4.3.3/avr5\libgcc.a(_thenan_sf.o)
 .text          0x000007fa        0x0 c:/winavr-20100110/bin/../lib/gcc/avr/4.3.3/avr5\libgcc.a(_prologue.o)
 .text          0x000007fa        0x0 c:/winavr-20100110/bin/../lib/gcc/avr/4.3.3/avr5\libgcc.a(_epilogue.o)
 .text          0x000007fa      0x1aa c:/winavr-20100110/bin/../lib/gcc/avr/4.3.3/avr5\libgcc.a(_pack_sf.o)
                0x000007fa                __pack_f
 .text          0x000009a4       0xf0 c:/winavr-20100110/bin/../lib/gcc/avr/4.3.3/avr5\libgcc.a(_unpack_sf.o)
                0x000009a4                __unpack_f
 .text          0x00000a94       0xb2 c:/winavr-20100110/bin/../lib/gcc/avr/4.3.3/avr5\libgcc.a(_fpcmp_parts_sf.o)
                0x00000a94                __fpcmp_parts_f
 .text          0x00000b46        0x0 c:/winavr-20100110/bin/../lib/gcc/avr/4.3.3/../../../../avr/lib/avr5\libc.a(memset.o)
 .text          0x00000b46        0x0 c:/winavr-20100110/bin/../lib/gcc/avr/4.3.3/../../../../avr/lib/avr5\libc.a(strstr.o)
                0x00000b46                . = ALIGN (0x2)
 *(.text.*)
 .text.UART_voidInit
                0x00000b46       0x50 ./MCAL/USART/UART_Program.o
                0x00000b46                UART_voidInit
 .text.UART_voidSendDataSync
                0x00000b96       0x5c ./MCAL/USART/UART_Program.o
                0x00000b96                UART_voidSendDataSync
 .text.UART_voidSendDataAsync
                0x00000bf2       0x40 ./MCAL/USART/UART_Program.o
                0x00000bf2                UART_voidSendDataAsync
 .text.UART_voidSendStringSync
                0x00000c32       0x52 ./MCAL/USART/UART_Program.o
                0x00000c32                UART_voidSendStringSync
 .text.UART_u8ReceiveDataSync
                0x00000c84       0x1e ./MCAL/USART/UART_Program.o
                0x00000c84                UART_u8ReceiveDataSync
 .text.UART_voidSendNumber
                0x00000ca2      0x124 ./MCAL/USART/UART_Program.o
                0x00000ca2                UART_voidSendNumber
 .text.UART_voidReceiveDataAsync
                0x00000dc6       0x48 ./MCAL/USART/UART_Program.o
                0x00000dc6                UART_voidReceiveDataAsync
 .text.__vector_13
                0x00000e0e       0x6a ./MCAL/USART/UART_Program.o
                0x00000e0e                __vector_13
 .text.__vector_15
                0x00000e78       0x66 ./MCAL/USART/UART_Program.o
                0x00000e78                __vector_15
 .text.UART_u8IsDataAvailable
                0x00000ede       0x24 ./MCAL/USART/UART_Program.o
                0x00000ede                UART_u8IsDataAvailable
 .text.TIMER1_voidInit
                0x00000f02       0x46 ./MCAL/Timer1/Timer1_Program.o
                0x00000f02                TIMER1_voidInit
 .text.TIMER1_voidFastPWMNonIntvered
                0x00000f48       0x94 ./MCAL/Timer1/Timer1_Program.o
                0x00000f48                TIMER1_voidFastPWMNonIntvered
 .text.TIMER1_voidSetDutyCycle
                0x00000fdc       0x5c ./MCAL/Timer1/Timer1_Program.o
                0x00000fdc                TIMER1_voidSetDutyCycle
 .text.TIMER1_voidSetTopValue
                0x00001038       0x24 ./MCAL/Timer1/Timer1_Program.o
                0x00001038                TIMER1_voidSetTopValue
 .text.TIMER1_voidServoRotate
                0x0000105c       0x7e ./MCAL/Timer1/Timer1_Program.o
                0x0000105c                TIMER1_voidServoRotate
 .text.TIMER1_voidNormalMode
                0x000010da       0x32 ./MCAL/Timer1/Timer1_Program.o
                0x000010da                TIMER1_voidNormalMode
 .text.TIMER1_voidResetTimer
                0x0000110c       0x16 ./MCAL/Timer1/Timer1_Program.o
                0x0000110c                TIMER1_voidResetTimer
 .text.TIMER1_u16GetElapsedTimer
                0x00001122       0x16 ./MCAL/Timer1/Timer1_Program.o
                0x00001122                TIMER1_u16GetElapsedTimer
 .text.TIMER1_voidStopTimer1
                0x00001138       0x28 ./MCAL/Timer1/Timer1_Program.o
                0x00001138                TIMER1_voidStopTimer1
 .text.ICU_CallBackFun
                0x00001160       0x24 ./MCAL/Timer1/Timer1_Program.o
                0x00001160                ICU_CallBackFun
 .text.ICU_u16ReadInputCapture
                0x00001184       0x16 ./MCAL/Timer1/Timer1_Program.o
                0x00001184                ICU_u16ReadInputCapture
 .text.__vector_6
                0x0000119a       0x5a ./MCAL/Timer1/Timer1_Program.o
                0x0000119a                __vector_6
 .text.EXTI_voidEnableInterrupt
                0x000011f4       0x6e ./MCAL/EXTI/EXTI_program.o
                0x000011f4                EXTI_voidEnableInterrupt
 .text.EXTI_voidDisableInterrupt
                0x00001262       0x6e ./MCAL/EXTI/EXTI_program.o
                0x00001262                EXTI_voidDisableInterrupt
 .text.EXTI_voidSetSenseSignalINT0
                0x000012d0       0xce ./MCAL/EXTI/EXTI_program.o
                0x000012d0                EXTI_voidSetSenseSignalINT0
 .text.EXTI_voidSetSenseSignalINT1
                0x0000139e       0xce ./MCAL/EXTI/EXTI_program.o
                0x0000139e                EXTI_voidSetSenseSignalINT1
 .text.EXTI_voidSetSenseSignalINT2
                0x0000146c       0x56 ./MCAL/EXTI/EXTI_program.o
                0x0000146c                EXTI_voidSetSenseSignalINT2
 .text.EXTI_voidControlGlobalInterrupt
                0x000014c2       0x56 ./MCAL/EXTI/EXTI_program.o
                0x000014c2                EXTI_voidControlGlobalInterrupt
 .text.EXTI_voidSetCallbackINT0
                0x00001518       0x24 ./MCAL/EXTI/EXTI_program.o
                0x00001518                EXTI_voidSetCallbackINT0
 .text.__vector_1
                0x0000153c       0x66 ./MCAL/EXTI/EXTI_program.o
                0x0000153c                __vector_1
 .text.EXTI_voidSetCallbackINT1
                0x000015a2       0x24 ./MCAL/EXTI/EXTI_program.o
                0x000015a2                EXTI_voidSetCallbackINT1
 .text.__vector_2
                0x000015c6       0x66 ./MCAL/EXTI/EXTI_program.o
                0x000015c6                __vector_2
 .text.EXTI_voidSetCallbackINT2
                0x0000162c       0x24 ./MCAL/EXTI/EXTI_program.o
                0x0000162c                EXTI_voidSetCallbackINT2
 .text.__vector_3
                0x00001650       0x66 ./MCAL/EXTI/EXTI_program.o
                0x00001650                __vector_3
 .text.DIO_voidSetPinDirection
                0x000016b6      0x394 ./MCAL/DIO/DIO_Program.o
                0x000016b6                DIO_voidSetPinDirection
 .text.DIO_voidSetPortDirection
                0x00001a4a      0x166 ./MCAL/DIO/DIO_Program.o
                0x00001a4a                DIO_voidSetPortDirection
 .text.DIO_voidSetPinValue
                0x00001bb0      0x276 ./MCAL/DIO/DIO_Program.o
                0x00001bb0                DIO_voidSetPinValue
 .text.DIO_voidSetPortValue
                0x00001e26       0x82 ./MCAL/DIO/DIO_Program.o
                0x00001e26                DIO_voidSetPortValue
 .text.DIO_voidClearPinValue
                0x00001ea8      0x114 ./MCAL/DIO/DIO_Program.o
                0x00001ea8                DIO_voidClearPinValue
 .text.DIO_voidClearPortValue
                0x00001fbc       0x7c ./MCAL/DIO/DIO_Program.o
                0x00001fbc                DIO_voidClearPortValue
 .text.DIO_voidTogglePinValue
                0x00002038      0x10a ./MCAL/DIO/DIO_Program.o
                0x00002038                DIO_voidTogglePinValue
 .text.DIO_voidTogglePortValue
                0x00002142       0x9e ./MCAL/DIO/DIO_Program.o
                0x00002142                DIO_voidTogglePortValue
 .text.DIO_u8GetPinValue
                0x000021e0      0x102 ./MCAL/DIO/DIO_Program.o
                0x000021e0                DIO_u8GetPinValue
 .text.DIO_u8GetPortValue
                0x000022e2       0x88 ./MCAL/DIO/DIO_Program.o
                0x000022e2                DIO_u8GetPortValue
 .text.STEPPER_voidInit
                0x0000236a       0x5e ./HAL/Stepper/STEPPER_Program.o
                0x0000236a                STEPPER_voidInit
 .text.Stepper_voidRotateCW
                0x000023c8      0x456 ./HAL/Stepper/STEPPER_Program.o
                0x000023c8                Stepper_voidRotateCW
 .text.Stepper_voidRotateACW
                0x0000281e      0x456 ./HAL/Stepper/STEPPER_Program.o
                0x0000281e                Stepper_voidRotateACW
 .text.Stepper_voidHalfSetpRotateCW
                0x00002c74      0xa3e ./HAL/Stepper/STEPPER_Program.o
                0x00002c74                Stepper_voidHalfSetpRotateCW
 .text.Stepper_voidHalfSetpRotateACW
                0x000036b2      0xa3e ./HAL/Stepper/STEPPER_Program.o
                0x000036b2                Stepper_voidHalfSetpRotateACW
 .text.SERVO_voidInit
                0x000040f0       0x1c ./HAL/SERVO/SERVO_Program.o
                0x000040f0                SERVO_voidInit
 .text.SERVO_voidRotate
                0x0000410c       0x58 ./HAL/SERVO/SERVO_Program.o
                0x0000410c                SERVO_voidRotate
 .text.LED_voidLedInit
                0x00004164       0x8a ./HAL/LED/LED_Program.o
                0x00004164                LED_voidLedInit
 .text.LED_voidPortLedInit
                0x000041ee       0x7e ./HAL/LED/LED_Program.o
                0x000041ee                LED_voidPortLedInit
 .text.LED_voidLedOn
                0x0000426c      0x112 ./HAL/LED/LED_Program.o
                0x0000426c                LED_voidLedOn
 .text.LED_voidLedOff
                0x0000437e      0x112 ./HAL/LED/LED_Program.o
                0x0000437e                LED_voidLedOff
 .text.LED_voidPortLedOn
                0x00004490       0xfa ./HAL/LED/LED_Program.o
                0x00004490                LED_voidPortLedOn
 .text.LED_voidPortLedOff
                0x0000458a       0xfa ./HAL/LED/LED_Program.o
                0x0000458a                LED_voidPortLedOff
 .text.LED_voidLedToggle
                0x00004684       0x82 ./HAL/LED/LED_Program.o
                0x00004684                LED_voidLedToggle
 .text.LED_voidPortLedToggle
                0x00004706       0x76 ./HAL/LED/LED_Program.o
                0x00004706                LED_voidPortLedToggle
 .text.LCD_voidInit
                0x0000477c      0x676 ./HAL/LCD/LCD_Program.o
                0x0000477c                LCD_voidInit
 .text.LCD_voidWriteCommand
                0x00004df2      0x13c ./HAL/LCD/LCD_Program.o
                0x00004df2                LCD_voidWriteCommand
 .text.LCD_voidWriteData
                0x00004f2e      0x13c ./HAL/LCD/LCD_Program.o
                0x00004f2e                LCD_voidWriteData
 .text.LCD_voidWriteString
                0x0000506a       0x52 ./HAL/LCD/LCD_Program.o
                0x0000506a                LCD_voidWriteString
 .text.LCD_voidWriteStringTwoLine
                0x000050bc       0xae ./HAL/LCD/LCD_Program.o
                0x000050bc                LCD_voidWriteStringTwoLine
 .text.LCD_voidGOToXY
                0x0000516a       0x68 ./HAL/LCD/LCD_Program.o
                0x0000516a                LCD_voidGOToXY
 .text.LCD_voidSendSpecialCharacter
                0x000051d2       0x82 ./HAL/LCD/LCD_Program.o
                0x000051d2                LCD_voidSendSpecialCharacter
 .text.LCD_voidFree
                0x00005254       0x2e ./HAL/LCD/LCD_Program.o
                0x00005254                LCD_voidFree
 .text.LCD_voidClearDisplay
                0x00005282       0x14 ./HAL/LCD/LCD_Program.o
                0x00005282                LCD_voidClearDisplay
 .text.LCD_voidWriteNumber
                0x00005296      0x124 ./HAL/LCD/LCD_Program.o
                0x00005296                LCD_voidWriteNumber
 .text.KPD_voidInit
                0x000053ba       0x86 ./HAL/KPD/KPD_program.o
                0x000053ba                KPD_voidInit
 .text.KPD_u8GetPressedKey
                0x00005440      0x248 ./HAL/KPD/KPD_program.o
                0x00005440                KPD_u8GetPressedKey
 .text.DCMotor_voidInitPB
                0x00005688       0x22 ./HAL/DC_MOTOR/Motor_Program.o
                0x00005688                DCMotor_voidInitPB
 .text.DCMotor_voidInit
                0x000056aa       0x22 ./HAL/DC_MOTOR/Motor_Program.o
                0x000056aa                DCMotor_voidInit
 .text.DCMotor_voidMotorON
                0x000056cc       0x22 ./HAL/DC_MOTOR/Motor_Program.o
                0x000056cc                DCMotor_voidMotorON
 .text.DCMotor_voidMotorOFF
                0x000056ee       0x22 ./HAL/DC_MOTOR/Motor_Program.o
                0x000056ee                DCMotor_voidMotorOFF
 .text.DCMotor_voidRotateCW
                0x00005710       0x22 ./HAL/DC_MOTOR/Motor_Program.o
                0x00005710                DCMotor_voidRotateCW
 .text.DCMotor_voidRotateACW
                0x00005732       0x22 ./HAL/DC_MOTOR/Motor_Program.o
                0x00005732                DCMotor_voidRotateACW
 .text.DCMotor_voidStopMotor
                0x00005754       0x22 ./HAL/DC_MOTOR/Motor_Program.o
                0x00005754                DCMotor_voidStopMotor
 .text.BUZZER_voidInit
                0x00005776       0x22 ./HAL/BUZZER/BUZZER_Program.o
                0x00005776                BUZZER_voidInit
 .text.BUZZER_voidBuzzerON
                0x00005798       0x22 ./HAL/BUZZER/BUZZER_Program.o
                0x00005798                BUZZER_voidBuzzerON
 .text.BUZZER_voidBuzzerOFF
                0x000057ba       0x22 ./HAL/BUZZER/BUZZER_Program.o
                0x000057ba                BUZZER_voidBuzzerOFF
 .text.BUZZER_voidBuzzerToggel
                0x000057dc       0x20 ./HAL/BUZZER/BUZZER_Program.o
                0x000057dc                BUZZER_voidBuzzerToggel
 .text.LED_voidLed1ON
                0x000057fc      0x216 ./APP/SMART_HOME_APP.o
                0x000057fc                LED_voidLed1ON
 .text.LED_voidLed2ON
                0x00005a12      0x216 ./APP/SMART_HOME_APP.o
                0x00005a12                LED_voidLed2ON
 .text.LED_voidLed3ON
                0x00005c28      0x216 ./APP/SMART_HOME_APP.o
                0x00005c28                LED_voidLed3ON
 .text.LED_voidLed4ON
                0x00005e3e      0x216 ./APP/SMART_HOME_APP.o
                0x00005e3e                LED_voidLed4ON
 .text.LED_voidLed1OFF
                0x00006054      0x21c ./APP/SMART_HOME_APP.o
                0x00006054                LED_voidLed1OFF
 .text.LED_voidLed2OFF
                0x00006270      0x21c ./APP/SMART_HOME_APP.o
                0x00006270                LED_voidLed2OFF
 .text.LED_voidLed3OFF
                0x0000648c      0x21c ./APP/SMART_HOME_APP.o
                0x0000648c                LED_voidLed3OFF
 .text.LED_voidLed4OFF
                0x000066a8      0x21c ./APP/SMART_HOME_APP.o
                0x000066a8                LED_voidLed4OFF
 .text.DOOR_voidDoorOpen
                0x000068c4      0x214 ./APP/SMART_HOME_APP.o
                0x000068c4                DOOR_voidDoorOpen
 .text.DOOR_voidDoorClose
                0x00006ad8      0x20e ./APP/SMART_HOME_APP.o
                0x00006ad8                DOOR_voidDoorClose
 .text.FAN_voidFanOpen
                0x00006ce6      0x214 ./APP/SMART_HOME_APP.o
                0x00006ce6                FAN_voidFanOpen
 .text.FAN_voidFanClose
                0x00006efa      0x214 ./APP/SMART_HOME_APP.o
                0x00006efa                FAN_voidFanClose
 .text.ALARM_voidBuzzerOn
                0x0000710e      0x124 ./APP/SMART_HOME_APP.o
                0x0000710e                ALARM_voidBuzzerOn
 .text.Wifi_voidInit
                0x00007232      0x1fe ./APP/SMART_HOME_APP.o
                0x00007232                Wifi_voidInit
 .text.checkRain
                0x00007430       0x46 ./APP/SMART_HOME_APP.o
                0x00007430                checkRain
 .text.main     0x00007476      0x23c ./main.o
                0x00007476                main
 .text.libgcc   0x000076b2       0x3e c:/winavr-20100110/bin/../lib/gcc/avr/4.3.3/avr5\libgcc.a(_mulsi3.o)
                0x000076b2                __mulsi3
 .text.libgcc   0x000076f0       0x44 c:/winavr-20100110/bin/../lib/gcc/avr/4.3.3/avr5\libgcc.a(_udivmodsi4.o)
                0x000076f0                __udivmodsi4
 .text.libgcc   0x00007734        0x0 c:/winavr-20100110/bin/../lib/gcc/avr/4.3.3/avr5\libgcc.a(_exit.o)
 .text.libgcc   0x00007734        0x0 c:/winavr-20100110/bin/../lib/gcc/avr/4.3.3/avr5\libgcc.a(_copy_data.o)
 .text.libgcc   0x00007734        0x0 c:/winavr-20100110/bin/../lib/gcc/avr/4.3.3/avr5\libgcc.a(_clear_bss.o)
 .text.libgcc   0x00007734       0x38 c:/winavr-20100110/bin/../lib/gcc/avr/4.3.3/avr5\libgcc.a(_prologue.o)
                0x00007734                __prologue_saves__
 .text.libgcc   0x0000776c       0x36 c:/winavr-20100110/bin/../lib/gcc/avr/4.3.3/avr5\libgcc.a(_epilogue.o)
                0x0000776c                __epilogue_restores__
 .text.avr-libc
                0x000077a2        0xe c:/winavr-20100110/bin/../lib/gcc/avr/4.3.3/../../../../avr/lib/avr5\libc.a(memset.o)
                0x000077a2                memset
 .text.avr-libc
                0x000077b0       0x34 c:/winavr-20100110/bin/../lib/gcc/avr/4.3.3/../../../../avr/lib/avr5\libc.a(strstr.o)
                0x000077b0                strstr
                0x000077e4                . = ALIGN (0x2)
 *(.fini9)
 .fini9         0x000077e4        0x0 c:/winavr-20100110/bin/../lib/gcc/avr/4.3.3/avr5\libgcc.a(_exit.o)
                0x000077e4                exit
                0x000077e4                _exit
 *(.fini9)
 *(.fini8)
 *(.fini8)
 *(.fini7)
 *(.fini7)
 *(.fini6)
 *(.fini6)
 *(.fini5)
 *(.fini5)
 *(.fini4)
 *(.fini4)
 *(.fini3)
 *(.fini3)
 *(.fini2)
 *(.fini2)
 *(.fini1)
 *(.fini1)
 *(.fini0)
 .fini0         0x000077e4        0x4 c:/winavr-20100110/bin/../lib/gcc/avr/4.3.3/avr5\libgcc.a(_exit.o)
 *(.fini0)
                0x000077e8                _etext = .

.data           0x00800060       0xe2 load address 0x000077e8
                0x00800060                PROVIDE (__data_start, .)
 *(.data)
 .data          0x00800060        0x0 c:/winavr-20100110/bin/../lib/gcc/avr/4.3.3/../../../../avr/lib/avr5/crtm32.o
 .data          0x00800060        0x0 ./MCAL/USART/UART_Program.o
 .data          0x00800060        0x0 ./MCAL/Timer1/Timer1_Program.o
 .data          0x00800060        0x0 ./MCAL/EXTI/EXTI_program.o
 .data          0x00800060        0x0 ./MCAL/DIO/DIO_Program.o
 .data          0x00800060        0x0 ./HAL/Stepper/STEPPER_Program.o
 .data          0x00800060        0x0 ./HAL/SERVO/SERVO_Program.o
 .data          0x00800060        0x0 ./HAL/LED/LED_Program.o
 .data          0x00800060        0x0 ./HAL/LCD/LCD_Program.o
 .data          0x00800060        0x0 ./HAL/KPD/KPD_program.o
 .data          0x00800060        0x0 ./HAL/DC_MOTOR/Motor_Program.o
 .data          0x00800060        0x0 ./HAL/BUZZER/BUZZER_Program.o
 .data          0x00800060       0x83 ./APP/SMART_HOME_APP.o
 .data          0x008000e3       0x46 ./main.o
 .data          0x00800129        0x0 c:/winavr-20100110/bin/../lib/gcc/avr/4.3.3/avr5\libgcc.a(_mulsi3.o)
 .data          0x00800129        0x0 c:/winavr-20100110/bin/../lib/gcc/avr/4.3.3/avr5\libgcc.a(_udivmodsi4.o)
 .data          0x00800129        0x0 c:/winavr-20100110/bin/../lib/gcc/avr/4.3.3/avr5\libgcc.a(_exit.o)
 .data          0x00800129        0x0 c:/winavr-20100110/bin/../lib/gcc/avr/4.3.3/avr5\libgcc.a(_copy_data.o)
 .data          0x00800129        0x0 c:/winavr-20100110/bin/../lib/gcc/avr/4.3.3/avr5\libgcc.a(_clear_bss.o)
 .data          0x00800129        0x0 c:/winavr-20100110/bin/../lib/gcc/avr/4.3.3/avr5\libgcc.a(_fixunssfsi.o)
 .data          0x00800129        0x0 c:/winavr-20100110/bin/../lib/gcc/avr/4.3.3/avr5\libgcc.a(_addsub_sf.o)
 .data          0x00800129        0x0 c:/winavr-20100110/bin/../lib/gcc/avr/4.3.3/avr5\libgcc.a(_mul_sf.o)
 .data          0x00800129        0x0 c:/winavr-20100110/bin/../lib/gcc/avr/4.3.3/avr5\libgcc.a(_gt_sf.o)
 .data          0x00800129        0x0 c:/winavr-20100110/bin/../lib/gcc/avr/4.3.3/avr5\libgcc.a(_ge_sf.o)
 .data          0x00800129        0x0 c:/winavr-20100110/bin/../lib/gcc/avr/4.3.3/avr5\libgcc.a(_lt_sf.o)
 .data          0x00800129        0x0 c:/winavr-20100110/bin/../lib/gcc/avr/4.3.3/avr5\libgcc.a(_sf_to_si.o)
 .data          0x00800129        0x8 c:/winavr-20100110/bin/../lib/gcc/avr/4.3.3/avr5\libgcc.a(_thenan_sf.o)
                0x00800129                __thenan_sf
 .data          0x00800131        0x0 c:/winavr-20100110/bin/../lib/gcc/avr/4.3.3/avr5\libgcc.a(_prologue.o)
 .data          0x00800131        0x0 c:/winavr-20100110/bin/../lib/gcc/avr/4.3.3/avr5\libgcc.a(_epilogue.o)
 .data          0x00800131        0x0 c:/winavr-20100110/bin/../lib/gcc/avr/4.3.3/avr5\libgcc.a(_pack_sf.o)
 .data          0x00800131        0x0 c:/winavr-20100110/bin/../lib/gcc/avr/4.3.3/avr5\libgcc.a(_unpack_sf.o)
 .data          0x00800131        0x0 c:/winavr-20100110/bin/../lib/gcc/avr/4.3.3/avr5\libgcc.a(_fpcmp_parts_sf.o)
 .data          0x00800131        0x0 c:/winavr-20100110/bin/../lib/gcc/avr/4.3.3/../../../../avr/lib/avr5\libc.a(memset.o)
 .data          0x00800131        0x0 c:/winavr-20100110/bin/../lib/gcc/avr/4.3.3/../../../../avr/lib/avr5\libc.a(strstr.o)
 *(.data*)
 *(.rodata)
 *(.rodata*)
 .rodata.C.0.1316
                0x00800131       0x10 ./HAL/KPD/KPD_program.o
 *(.gnu.linkonce.d*)
                0x00800142                . = ALIGN (0x2)
 *fill*         0x00800141        0x1 00
                0x00800142                _edata = .
                0x00800142                PROVIDE (__data_end, .)

.bss            0x00800142       0xa8
                0x00800142                PROVIDE (__bss_start, .)
 *(.bss)
 .bss           0x00800142        0x0 c:/winavr-20100110/bin/../lib/gcc/avr/4.3.3/../../../../avr/lib/avr5/crtm32.o
 .bss           0x00800142        0x0 ./MCAL/USART/UART_Program.o
 .bss           0x00800142        0x0 ./MCAL/Timer1/Timer1_Program.o
 .bss           0x00800142        0x0 ./MCAL/EXTI/EXTI_program.o
 .bss           0x00800142        0x0 ./MCAL/DIO/DIO_Program.o
 .bss           0x00800142        0x0 ./HAL/Stepper/STEPPER_Program.o
 .bss           0x00800142        0x0 ./HAL/SERVO/SERVO_Program.o
 .bss           0x00800142        0x0 ./HAL/LED/LED_Program.o
 .bss           0x00800142        0x0 ./HAL/LCD/LCD_Program.o
 .bss           0x00800142        0x0 ./HAL/KPD/KPD_program.o
 .bss           0x00800142        0x0 ./HAL/DC_MOTOR/Motor_Program.o
 .bss           0x00800142        0x0 ./HAL/BUZZER/BUZZER_Program.o
 .bss           0x00800142        0x0 ./APP/SMART_HOME_APP.o
 .bss           0x00800142        0x0 ./main.o
 .bss           0x00800142        0x0 c:/winavr-20100110/bin/../lib/gcc/avr/4.3.3/avr5\libgcc.a(_mulsi3.o)
 .bss           0x00800142        0x0 c:/winavr-20100110/bin/../lib/gcc/avr/4.3.3/avr5\libgcc.a(_udivmodsi4.o)
 .bss           0x00800142        0x0 c:/winavr-20100110/bin/../lib/gcc/avr/4.3.3/avr5\libgcc.a(_exit.o)
 .bss           0x00800142        0x0 c:/winavr-20100110/bin/../lib/gcc/avr/4.3.3/avr5\libgcc.a(_copy_data.o)
 .bss           0x00800142        0x0 c:/winavr-20100110/bin/../lib/gcc/avr/4.3.3/avr5\libgcc.a(_clear_bss.o)
 .bss           0x00800142        0x0 c:/winavr-20100110/bin/../lib/gcc/avr/4.3.3/avr5\libgcc.a(_fixunssfsi.o)
 .bss           0x00800142        0x0 c:/winavr-20100110/bin/../lib/gcc/avr/4.3.3/avr5\libgcc.a(_addsub_sf.o)
 .bss           0x00800142        0x0 c:/winavr-20100110/bin/../lib/gcc/avr/4.3.3/avr5\libgcc.a(_mul_sf.o)
 .bss           0x00800142        0x0 c:/winavr-20100110/bin/../lib/gcc/avr/4.3.3/avr5\libgcc.a(_gt_sf.o)
 .bss           0x00800142        0x0 c:/winavr-20100110/bin/../lib/gcc/avr/4.3.3/avr5\libgcc.a(_ge_sf.o)
 .bss           0x00800142        0x0 c:/winavr-20100110/bin/../lib/gcc/avr/4.3.3/avr5\libgcc.a(_lt_sf.o)
 .bss           0x00800142        0x0 c:/winavr-20100110/bin/../lib/gcc/avr/4.3.3/avr5\libgcc.a(_sf_to_si.o)
 .bss           0x00800142        0x0 c:/winavr-20100110/bin/../lib/gcc/avr/4.3.3/avr5\libgcc.a(_thenan_sf.o)
 .bss           0x00800142        0x0 c:/winavr-20100110/bin/../lib/gcc/avr/4.3.3/avr5\libgcc.a(_prologue.o)
 .bss           0x00800142        0x0 c:/winavr-20100110/bin/../lib/gcc/avr/4.3.3/avr5\libgcc.a(_epilogue.o)
 .bss           0x00800142        0x0 c:/winavr-20100110/bin/../lib/gcc/avr/4.3.3/avr5\libgcc.a(_pack_sf.o)
 .bss           0x00800142        0x0 c:/winavr-20100110/bin/../lib/gcc/avr/4.3.3/avr5\libgcc.a(_unpack_sf.o)
 .bss           0x00800142        0x0 c:/winavr-20100110/bin/../lib/gcc/avr/4.3.3/avr5\libgcc.a(_fpcmp_parts_sf.o)
 .bss           0x00800142        0x0 c:/winavr-20100110/bin/../lib/gcc/avr/4.3.3/../../../../avr/lib/avr5\libc.a(memset.o)
 .bss           0x00800142        0x0 c:/winavr-20100110/bin/../lib/gcc/avr/4.3.3/../../../../avr/lib/avr5\libc.a(strstr.o)
 *(.bss*)
 .bss.Global_u8ReceiveData
                0x00800142        0x2 ./MCAL/USART/UART_Program.o
                0x00800142                Global_u8ReceiveData
 .bss.Global_ptrFunctionRXcomplete
                0x00800144        0x2 ./MCAL/USART/UART_Program.o
                0x00800144                Global_ptrFunctionRXcomplete
 .bss.Global_ptrFunctionTXcomplete
                0x00800146        0x2 ./MCAL/USART/UART_Program.o
                0x00800146                Global_ptrFunctionTXcomplete
 .bss.Global_ptrFunctionDataRegEmpty
                0x00800148        0x2 ./MCAL/USART/UART_Program.o
                0x00800148                Global_ptrFunctionDataRegEmpty
 .bss.CallbackFuncINT0
                0x0080014a        0x2 ./MCAL/EXTI/EXTI_program.o
                0x0080014a                CallbackFuncINT0
 .bss.CallbackFuncINT1
                0x0080014c        0x2 ./MCAL/EXTI/EXTI_program.o
                0x0080014c                CallbackFuncINT1
 .bss.CallbackFuncINT2
                0x0080014e        0x2 ./MCAL/EXTI/EXTI_program.o
                0x0080014e                CallbackFuncINT2
 .bss.Local_u8Index
                0x00800150        0x1 ./main.o
                0x00800150                Local_u8Index
 .bss.Local_u8Command
                0x00800151        0x1 ./main.o
                0x00800151                Local_u8Command
 *(COMMON)
 COMMON         0x00800152        0x2 ./MCAL/Timer1/Timer1_Program.o
                0x00800152                Ptrf
 COMMON         0x00800154       0x96 ./main.o
                0x00800154                Local_u8ReceivedBuffer
                0x008001ea                PROVIDE (__bss_end, .)
                0x000077e8                __data_load_start = LOADADDR (.data)
                0x000078ca                __data_load_end = (__data_load_start + SIZEOF (.data))

.noinit         0x008001ea        0x0
                0x008001ea                PROVIDE (__noinit_start, .)
 *(.noinit*)
                0x008001ea                PROVIDE (__noinit_end, .)
                0x008001ea                _end = .
                0x008001ea                PROVIDE (__heap_start, .)

.eeprom         0x00810000        0x0
 *(.eeprom*)
                0x00810000                __eeprom_end = .

.fuse
 *(.fuse)
 *(.lfuse)
 *(.hfuse)
 *(.efuse)

.lock
 *(.lock*)

.signature
 *(.signature*)

.stab           0x00000000     0x70e0
 *(.stab)
 .stab          0x00000000      0x558 ./MCAL/USART/UART_Program.o
 .stab          0x00000558      0x51c ./MCAL/Timer1/Timer1_Program.o
                                0x528 (size before relaxing)
 .stab          0x00000a74      0x5ac ./MCAL/EXTI/EXTI_program.o
                                0x5b8 (size before relaxing)
 .stab          0x00001020      0x8dc ./MCAL/DIO/DIO_Program.o
                                0x8e8 (size before relaxing)
 .stab          0x000018fc     0x19a4 ./HAL/Stepper/STEPPER_Program.o
                               0x19b0 (size before relaxing)
 .stab          0x000032a0      0x240 ./HAL/SERVO/SERVO_Program.o
                                0x24c (size before relaxing)
 .stab          0x000034e0      0x690 ./HAL/LED/LED_Program.o
                                0x69c (size before relaxing)
 .stab          0x00003b70      0xcd8 ./HAL/LCD/LCD_Program.o
                                0xe70 (size before relaxing)
 .stab          0x00004848      0x480 ./HAL/KPD/KPD_program.o
                                0x618 (size before relaxing)
 .stab          0x00004cc8      0x36c ./HAL/DC_MOTOR/Motor_Program.o
                                0x504 (size before relaxing)
 .stab          0x00005034      0x2a0 ./HAL/BUZZER/BUZZER_Program.o
                                0x2ac (size before relaxing)
 .stab          0x000052d4     0x1a28 ./APP/SMART_HOME_APP.o
                               0x1bc0 (size before relaxing)
 .stab          0x00006cfc      0x3e4 ./main.o
                                0x57c (size before relaxing)

.stabstr        0x00000000     0x1b40
 *(.stabstr)
 .stabstr       0x00000000     0x1b40 ./MCAL/USART/UART_Program.o

.stab.excl
 *(.stab.excl)

.stab.exclstr
 *(.stab.exclstr)

.stab.index
 *(.stab.index)

.stab.indexstr
 *(.stab.indexstr)

.comment
 *(.comment)

.debug
 *(.debug)

.line
 *(.line)

.debug_srcinfo
 *(.debug_srcinfo)

.debug_sfnames
 *(.debug_sfnames)

.debug_aranges  0x00000000      0x140
 *(.debug_aranges)
 .debug_aranges
                0x00000000       0x20 c:/winavr-20100110/bin/../lib/gcc/avr/4.3.3/avr5\libgcc.a(_fixunssfsi.o)
 .debug_aranges
                0x00000020       0x20 c:/winavr-20100110/bin/../lib/gcc/avr/4.3.3/avr5\libgcc.a(_addsub_sf.o)
 .debug_aranges
                0x00000040       0x20 c:/winavr-20100110/bin/../lib/gcc/avr/4.3.3/avr5\libgcc.a(_mul_sf.o)
 .debug_aranges
                0x00000060       0x20 c:/winavr-20100110/bin/../lib/gcc/avr/4.3.3/avr5\libgcc.a(_gt_sf.o)
 .debug_aranges
                0x00000080       0x20 c:/winavr-20100110/bin/../lib/gcc/avr/4.3.3/avr5\libgcc.a(_ge_sf.o)
 .debug_aranges
                0x000000a0       0x20 c:/winavr-20100110/bin/../lib/gcc/avr/4.3.3/avr5\libgcc.a(_lt_sf.o)
 .debug_aranges
                0x000000c0       0x20 c:/winavr-20100110/bin/../lib/gcc/avr/4.3.3/avr5\libgcc.a(_sf_to_si.o)
 .debug_aranges
                0x000000e0       0x20 c:/winavr-20100110/bin/../lib/gcc/avr/4.3.3/avr5\libgcc.a(_pack_sf.o)
 .debug_aranges
                0x00000100       0x20 c:/winavr-20100110/bin/../lib/gcc/avr/4.3.3/avr5\libgcc.a(_unpack_sf.o)
 .debug_aranges
                0x00000120       0x20 c:/winavr-20100110/bin/../lib/gcc/avr/4.3.3/avr5\libgcc.a(_fpcmp_parts_sf.o)

.debug_pubnames
                0x00000000      0x170
 *(.debug_pubnames)
 .debug_pubnames
                0x00000000       0x23 c:/winavr-20100110/bin/../lib/gcc/avr/4.3.3/avr5\libgcc.a(_fixunssfsi.o)
 .debug_pubnames
                0x00000023       0x2c c:/winavr-20100110/bin/../lib/gcc/avr/4.3.3/avr5\libgcc.a(_addsub_sf.o)
 .debug_pubnames
                0x0000004f       0x1f c:/winavr-20100110/bin/../lib/gcc/avr/4.3.3/avr5\libgcc.a(_mul_sf.o)
 .debug_pubnames
                0x0000006e       0x1e c:/winavr-20100110/bin/../lib/gcc/avr/4.3.3/avr5\libgcc.a(_gt_sf.o)
 .debug_pubnames
                0x0000008c       0x1e c:/winavr-20100110/bin/../lib/gcc/avr/4.3.3/avr5\libgcc.a(_ge_sf.o)
 .debug_pubnames
                0x000000aa       0x1e c:/winavr-20100110/bin/../lib/gcc/avr/4.3.3/avr5\libgcc.a(_lt_sf.o)
 .debug_pubnames
                0x000000c8       0x20 c:/winavr-20100110/bin/../lib/gcc/avr/4.3.3/avr5\libgcc.a(_sf_to_si.o)
 .debug_pubnames
                0x000000e8       0x22 c:/winavr-20100110/bin/../lib/gcc/avr/4.3.3/avr5\libgcc.a(_thenan_sf.o)
 .debug_pubnames
                0x0000010a       0x1f c:/winavr-20100110/bin/../lib/gcc/avr/4.3.3/avr5\libgcc.a(_pack_sf.o)
 .debug_pubnames
                0x00000129       0x21 c:/winavr-20100110/bin/../lib/gcc/avr/4.3.3/avr5\libgcc.a(_unpack_sf.o)
 .debug_pubnames
                0x0000014a       0x26 c:/winavr-20100110/bin/../lib/gcc/avr/4.3.3/avr5\libgcc.a(_fpcmp_parts_sf.o)

.debug_info     0x00000000     0x1c49
 *(.debug_info)
 .debug_info    0x00000000       0xb1 c:/winavr-20100110/bin/../lib/gcc/avr/4.3.3/avr5\libgcc.a(_fixunssfsi.o)
 .debug_info    0x000000b1      0x47a c:/winavr-20100110/bin/../lib/gcc/avr/4.3.3/avr5\libgcc.a(_addsub_sf.o)
 .debug_info    0x0000052b      0x485 c:/winavr-20100110/bin/../lib/gcc/avr/4.3.3/avr5\libgcc.a(_mul_sf.o)
 .debug_info    0x000009b0      0x27f c:/winavr-20100110/bin/../lib/gcc/avr/4.3.3/avr5\libgcc.a(_gt_sf.o)
 .debug_info    0x00000c2f      0x27f c:/winavr-20100110/bin/../lib/gcc/avr/4.3.3/avr5\libgcc.a(_ge_sf.o)
 .debug_info    0x00000eae      0x27f c:/winavr-20100110/bin/../lib/gcc/avr/4.3.3/avr5\libgcc.a(_lt_sf.o)
 .debug_info    0x0000112d      0x2b0 c:/winavr-20100110/bin/../lib/gcc/avr/4.3.3/avr5\libgcc.a(_sf_to_si.o)
 .debug_info    0x000013dd      0x12c c:/winavr-20100110/bin/../lib/gcc/avr/4.3.3/avr5\libgcc.a(_thenan_sf.o)
 .debug_info    0x00001509      0x2df c:/winavr-20100110/bin/../lib/gcc/avr/4.3.3/avr5\libgcc.a(_pack_sf.o)
 .debug_info    0x000017e8      0x251 c:/winavr-20100110/bin/../lib/gcc/avr/4.3.3/avr5\libgcc.a(_unpack_sf.o)
 .debug_info    0x00001a39      0x210 c:/winavr-20100110/bin/../lib/gcc/avr/4.3.3/avr5\libgcc.a(_fpcmp_parts_sf.o)
 *(.gnu.linkonce.wi.*)

.debug_abbrev   0x00000000      0xeeb
 *(.debug_abbrev)
 .debug_abbrev  0x00000000       0x5d c:/winavr-20100110/bin/../lib/gcc/avr/4.3.3/avr5\libgcc.a(_fixunssfsi.o)
 .debug_abbrev  0x0000005d      0x1ea c:/winavr-20100110/bin/../lib/gcc/avr/4.3.3/avr5\libgcc.a(_addsub_sf.o)
 .debug_abbrev  0x00000247      0x21b c:/winavr-20100110/bin/../lib/gcc/avr/4.3.3/avr5\libgcc.a(_mul_sf.o)
 .debug_abbrev  0x00000462      0x15a c:/winavr-20100110/bin/../lib/gcc/avr/4.3.3/avr5\libgcc.a(_gt_sf.o)
 .debug_abbrev  0x000005bc      0x15a c:/winavr-20100110/bin/../lib/gcc/avr/4.3.3/avr5\libgcc.a(_ge_sf.o)
 .debug_abbrev  0x00000716      0x15a c:/winavr-20100110/bin/../lib/gcc/avr/4.3.3/avr5\libgcc.a(_lt_sf.o)
 .debug_abbrev  0x00000870      0x17f c:/winavr-20100110/bin/../lib/gcc/avr/4.3.3/avr5\libgcc.a(_sf_to_si.o)
 .debug_abbrev  0x000009ef       0xad c:/winavr-20100110/bin/../lib/gcc/avr/4.3.3/avr5\libgcc.a(_thenan_sf.o)
 .debug_abbrev  0x00000a9c      0x1c0 c:/winavr-20100110/bin/../lib/gcc/avr/4.3.3/avr5\libgcc.a(_pack_sf.o)
 .debug_abbrev  0x00000c5c      0x154 c:/winavr-20100110/bin/../lib/gcc/avr/4.3.3/avr5\libgcc.a(_unpack_sf.o)
 .debug_abbrev  0x00000db0      0x13b c:/winavr-20100110/bin/../lib/gcc/avr/4.3.3/avr5\libgcc.a(_fpcmp_parts_sf.o)

.debug_line     0x00000000      0xdad
 *(.debug_line)
 .debug_line    0x00000000       0xa7 c:/winavr-20100110/bin/../lib/gcc/avr/4.3.3/avr5\libgcc.a(_fixunssfsi.o)
 .debug_line    0x000000a7      0x2af c:/winavr-20100110/bin/../lib/gcc/avr/4.3.3/avr5\libgcc.a(_addsub_sf.o)
 .debug_line    0x00000356      0x239 c:/winavr-20100110/bin/../lib/gcc/avr/4.3.3/avr5\libgcc.a(_mul_sf.o)
 .debug_line    0x0000058f       0xd3 c:/winavr-20100110/bin/../lib/gcc/avr/4.3.3/avr5\libgcc.a(_gt_sf.o)
 .debug_line    0x00000662       0xd3 c:/winavr-20100110/bin/../lib/gcc/avr/4.3.3/avr5\libgcc.a(_ge_sf.o)
 .debug_line    0x00000735       0xd3 c:/winavr-20100110/bin/../lib/gcc/avr/4.3.3/avr5\libgcc.a(_lt_sf.o)
 .debug_line    0x00000808      0x109 c:/winavr-20100110/bin/../lib/gcc/avr/4.3.3/avr5\libgcc.a(_sf_to_si.o)
 .debug_line    0x00000911       0x90 c:/winavr-20100110/bin/../lib/gcc/avr/4.3.3/avr5\libgcc.a(_thenan_sf.o)
 .debug_line    0x000009a1      0x18a c:/winavr-20100110/bin/../lib/gcc/avr/4.3.3/avr5\libgcc.a(_pack_sf.o)
 .debug_line    0x00000b2b      0x14b c:/winavr-20100110/bin/../lib/gcc/avr/4.3.3/avr5\libgcc.a(_unpack_sf.o)
 .debug_line    0x00000c76      0x137 c:/winavr-20100110/bin/../lib/gcc/avr/4.3.3/avr5\libgcc.a(_fpcmp_parts_sf.o)

.debug_frame    0x00000000      0x160
 *(.debug_frame)
 .debug_frame   0x00000000       0x20 c:/winavr-20100110/bin/../lib/gcc/avr/4.3.3/avr5\libgcc.a(_fixunssfsi.o)
 .debug_frame   0x00000020       0x40 c:/winavr-20100110/bin/../lib/gcc/avr/4.3.3/avr5\libgcc.a(_addsub_sf.o)
 .debug_frame   0x00000060       0x20 c:/winavr-20100110/bin/../lib/gcc/avr/4.3.3/avr5\libgcc.a(_mul_sf.o)
 .debug_frame   0x00000080       0x20 c:/winavr-20100110/bin/../lib/gcc/avr/4.3.3/avr5\libgcc.a(_gt_sf.o)
 .debug_frame   0x000000a0       0x20 c:/winavr-20100110/bin/../lib/gcc/avr/4.3.3/avr5\libgcc.a(_ge_sf.o)
 .debug_frame   0x000000c0       0x20 c:/winavr-20100110/bin/../lib/gcc/avr/4.3.3/avr5\libgcc.a(_lt_sf.o)
 .debug_frame   0x000000e0       0x20 c:/winavr-20100110/bin/../lib/gcc/avr/4.3.3/avr5\libgcc.a(_sf_to_si.o)
 .debug_frame   0x00000100       0x20 c:/winavr-20100110/bin/../lib/gcc/avr/4.3.3/avr5\libgcc.a(_pack_sf.o)
 .debug_frame   0x00000120       0x20 c:/winavr-20100110/bin/../lib/gcc/avr/4.3.3/avr5\libgcc.a(_unpack_sf.o)
 .debug_frame   0x00000140       0x20 c:/winavr-20100110/bin/../lib/gcc/avr/4.3.3/avr5\libgcc.a(_fpcmp_parts_sf.o)

.debug_str      0x00000000      0x28d
 *(.debug_str)
 .debug_str     0x00000000       0xbf c:/winavr-20100110/bin/../lib/gcc/avr/4.3.3/avr5\libgcc.a(_fixunssfsi.o)
                                 0xfe (size before relaxing)
 .debug_str     0x000000bf      0x14d c:/winavr-20100110/bin/../lib/gcc/avr/4.3.3/avr5\libgcc.a(_addsub_sf.o)
                                0x206 (size before relaxing)
 .debug_str     0x0000020c       0x27 c:/winavr-20100110/bin/../lib/gcc/avr/4.3.3/avr5\libgcc.a(_mul_sf.o)
                                0x1bf (size before relaxing)
 .debug_str     0x00000233        0xf c:/winavr-20100110/bin/../lib/gcc/avr/4.3.3/avr5\libgcc.a(_gt_sf.o)
                                0x195 (size before relaxing)
 .debug_str     0x00000242        0x8 c:/winavr-20100110/bin/../lib/gcc/avr/4.3.3/avr5\libgcc.a(_ge_sf.o)
                                0x195 (size before relaxing)
 .debug_str     0x0000024a        0x8 c:/winavr-20100110/bin/../lib/gcc/avr/4.3.3/avr5\libgcc.a(_lt_sf.o)
                                0x195 (size before relaxing)
 .debug_str     0x00000252        0xa c:/winavr-20100110/bin/../lib/gcc/avr/4.3.3/avr5\libgcc.a(_sf_to_si.o)
                                0x19e (size before relaxing)
 .debug_str     0x00000000      0x103 c:/winavr-20100110/bin/../lib/gcc/avr/4.3.3/avr5\libgcc.a(_thenan_sf.o)
 .debug_str     0x0000025c       0x16 c:/winavr-20100110/bin/../lib/gcc/avr/4.3.3/avr5\libgcc.a(_pack_sf.o)
                                0x19d (size before relaxing)
 .debug_str     0x00000272        0xb c:/winavr-20100110/bin/../lib/gcc/avr/4.3.3/avr5\libgcc.a(_unpack_sf.o)
                                0x17f (size before relaxing)
 .debug_str     0x0000027d       0x10 c:/winavr-20100110/bin/../lib/gcc/avr/4.3.3/avr5\libgcc.a(_fpcmp_parts_sf.o)
                                0x163 (size before relaxing)

.debug_loc      0x00000000      0x7ce
 *(.debug_loc)
 .debug_loc     0x00000000       0x34 c:/winavr-20100110/bin/../lib/gcc/avr/4.3.3/avr5\libgcc.a(_fixunssfsi.o)
 .debug_loc     0x00000034      0x32a c:/winavr-20100110/bin/../lib/gcc/avr/4.3.3/avr5\libgcc.a(_addsub_sf.o)
 .debug_loc     0x0000035e      0x104 c:/winavr-20100110/bin/../lib/gcc/avr/4.3.3/avr5\libgcc.a(_mul_sf.o)
 .debug_loc     0x00000462       0x3c c:/winavr-20100110/bin/../lib/gcc/avr/4.3.3/avr5\libgcc.a(_gt_sf.o)
 .debug_loc     0x0000049e       0x3c c:/winavr-20100110/bin/../lib/gcc/avr/4.3.3/avr5\libgcc.a(_ge_sf.o)
 .debug_loc     0x000004da       0x3c c:/winavr-20100110/bin/../lib/gcc/avr/4.3.3/avr5\libgcc.a(_lt_sf.o)
 .debug_loc     0x00000516       0x7e c:/winavr-20100110/bin/../lib/gcc/avr/4.3.3/avr5\libgcc.a(_sf_to_si.o)
 .debug_loc     0x00000594      0x13e c:/winavr-20100110/bin/../lib/gcc/avr/4.3.3/avr5\libgcc.a(_pack_sf.o)
 .debug_loc     0x000006d2       0xac c:/winavr-20100110/bin/../lib/gcc/avr/4.3.3/avr5\libgcc.a(_unpack_sf.o)
 .debug_loc     0x0000077e       0x50 c:/winavr-20100110/bin/../lib/gcc/avr/4.3.3/avr5\libgcc.a(_fpcmp_parts_sf.o)

.debug_macinfo
 *(.debug_macinfo)
OUTPUT(Smart_Home_32.elf elf32-avr)
LOAD linker stubs

.debug_ranges   0x00000000       0x50
 .debug_ranges  0x00000000       0x50 c:/winavr-20100110/bin/../lib/gcc/avr/4.3.3/avr5\libgcc.a(_mul_sf.o)
